Veuillez initialiser le catalogue
Veuillez fournir le chemin du fichier contenant la definition des caracteristiques des empreintes
Les caracteristiques des empreintes ont bien ete initialisees
Veuillez fournir le chemin du fichier des empreintes de reference
Le systeme a ete initialise avec succes
Veuillez fournir le chemin du fichier des empreintes a analyser
Le fichier a analyser a ete charge avec succes
3;M4:1
